

================================================================
== Vivado HLS Report for 'fft_config1_s'
================================================================
* Date:           Wed Mar 11 13:31:25 2015

* Version:        2014.1 (build date: Fri Apr 04 13:20:25 PM 2014)
* Project:        simple_fft
* Solution:       solution1
* Product family: zynq zynq_fpv6 
* Target device:  xc7z020clg484-1


================================================================
== Performance Estimates
================================================================
+ Timing (ns): 
    * Summary: 
    +---------+-------+----------+------------+
    |  Clock  | Target| Estimated| Uncertainty|
    +---------+-------+----------+------------+
    |default  |  10.00|      2.00|        1.25|
    +---------+-------+----------+------------+

+ Latency (clock cycles): 
    * Summary: 
    +------+------+------+------+---------+
    |   Latency   |   Interval  | Pipeline|
    |  min |  max |  min |  max |   Type  |
    +------+------+------+------+---------+
    |  3195|  3195|  3195|  3195|   none  |
    +------+------+------+------+---------+

    + Detail: 
        * Instance: 
        N/A



================================================================
== Utilization Estimates
================================================================
* Summary: 
+-----------------+---------+-------+--------+-------+
|       Name      | BRAM_18K| DSP48E|   FF   |  LUT  |
+-----------------+---------+-------+--------+-------+
|Expression       |        -|      -|       -|      -|
|FIFO             |        -|      -|       -|      -|
|Instance         |        0|      0|    9883|   7835|
|Memory           |        -|      -|       -|      -|
|Multiplexer      |        -|      -|       -|      -|
|Register         |        -|      -|       -|      -|
+-----------------+---------+-------+--------+-------+
|Total            |        0|      0|    9883|   7835|
+-----------------+---------+-------+--------+-------+
|Available        |      280|    220|  106400|  53200|
+-----------------+---------+-------+--------+-------+
|Utilization (%)  |        0|      0|       9|     14|
+-----------------+---------+-------+--------+-------+

+ Detail: 
    * Instance: 
    N/A

    * Memory: 
    N/A

    * FIFO: 
    N/A

    * Expression: 
    N/A

    * Multiplexer: 
    N/A

    * Register: 
    N/A



================================================================
== Interface
================================================================
* Summary: 
+--------------------------+-----+-----+------------+------------------+--------------+
|         RTL Ports        | Dir | Bits|  Protocol  |   Source Object  |    C Type    |
+--------------------------+-----+-----+------------+------------------+--------------+
|ap_clk                    |  in |    1| ap_ctrl_hs |   fft<config1>   | return value |
|ap_rst                    |  in |    1| ap_ctrl_hs |   fft<config1>   | return value |
|ap_start                  |  in |    1| ap_ctrl_hs |   fft<config1>   | return value |
|ap_ce                     |  in |    1| ap_ctrl_hs |   fft<config1>   | return value |
|ap_done                   | out |    1| ap_ctrl_hs |   fft<config1>   | return value |
|ap_idle                   | out |    1| ap_ctrl_hs |   fft<config1>   | return value |
|ap_ready                  | out |    1| ap_ctrl_hs |   fft<config1>   | return value |
|xn_dout                   |  in |   32|   ap_fifo  |        xn        |    pointer   |
|xn_empty_n                |  in |    1|   ap_fifo  |        xn        |    pointer   |
|xn_read                   | out |    1|   ap_fifo  |        xn        |    pointer   |
|xk_din                    | out |   32|   ap_fifo  |        xk        |    pointer   |
|xk_full_n                 |  in |    1|   ap_fifo  |        xk        |    pointer   |
|xk_write                  | out |    1|   ap_fifo  |        xk        |    pointer   |
|status_data_V_din         | out |    8|   ap_fifo  |   status_data_V  |    pointer   |
|status_data_V_full_n      |  in |    1|   ap_fifo  |   status_data_V  |    pointer   |
|status_data_V_write       | out |    1|   ap_fifo  |   status_data_V  |    pointer   |
|config_ch_data_V_dout     |  in |   16|   ap_fifo  | config_ch_data_V |    pointer   |
|config_ch_data_V_empty_n  |  in |    1|   ap_fifo  | config_ch_data_V |    pointer   |
|config_ch_data_V_read     | out |    1|   ap_fifo  | config_ch_data_V |    pointer   |
+--------------------------+-----+-----+------------+------------------+--------------+

